{smcl}
{com}{sf}{ul off}{txt}
{com}. 
. use "E:\16GBBACKUPUSB\BACKUP_USB_SEPTEMBER2014\May Baydoun_folder\UK_BIOBANK_PROJECT\UKB_PAPER20_ADI_FOODESERT\DATA\UK_fooddesertdatafinalizedIMD_mergedfinalized.dta",clear
{txt}
{com}. 
. capture drop la_codenum
{txt}
{com}. encode laname, gen(la_codenum)
{txt}
{com}. 
. save "E:\16GBBACKUPUSB\BACKUP_USB_SEPTEMBER2014\May Baydoun_folder\UK_BIOBANK_PROJECT\UKB_PAPER20_ADI_FOODESERT\DATA\UK_fooddesertdatafinalizedIMD_mergedfinalized.dta",replace
{txt}{p 0 4 2}
file {bf}
E:\16GBBACKUPUSB\BACKUP_USB_SEPTEMBER2014\May Baydoun_folder\UK_BIOBANK_PROJECT\UKB_PAPER20_ADI_FOODESERT\DATA\UK_fooddesertdatafinalizedIMD_mergedfinalized.dta{rm}
saved
{p_end}

{com}. 
. mixed zfd zemploymentscorerate zlncrimescore  zbarrierstohousingandservscore zeducationskillsandtrainingscore zhealthdeprivationanddisabsc zlivingenvironmentscore if nation=="England" || la_codenum:
{res}
{txt}Performing EM optimization ...
{res}
{txt}Performing gradient-based optimization: 
{res}{txt}Iteration 0:{space 2}Log likelihood = {res:-27453.115}  
Iteration 1:{space 2}Log likelihood = {res:-27453.115}  
{res}
{txt}Computing standard errors ...
{res}
{txt}Mixed-effects ML regression{col 52}Number of obs{col 68} = {res}  32,844
{txt}Group variable: {res}la_codenum{col 52}{txt}Number of groups{col 68} = {res}     317
{txt}{col 52}Obs per group:
{col 65}min = {res}       1
{txt}{col 65}avg = {res}   103.6
{txt}{col 65}max = {res}     639
{col 52}{txt}Wald chi2({res}6{txt}){col 68} = {res}30793.44
{txt}Log likelihood = {res}-27453.115{col 52}{txt}Prob > chi2{col 68} = {res}  0.0000

{txt}{hline 33}{c TT}{hline 11}{hline 11}{hline 9}{hline 8}{hline 13}{hline 12}
{col 1}                             zfd{col 34}{c |} Coefficient{col 46}  Std. err.{col 58}      z{col 66}   P>|z|{col 74}     [95% con{col 87}f. interval]
{hline 33}{c +}{hline 11}{hline 11}{hline 9}{hline 8}{hline 13}{hline 12}
{space 12}zemploymentscorerate {c |}{col 34}{res}{space 2} .6333329{col 46}{space 2} .0085258{col 57}{space 1}   74.28{col 66}{space 3}0.000{col 74}{space 4} .6166226{col 87}{space 3} .6500432
{txt}{space 19}zlncrimescore {c |}{col 34}{res}{space 2}-.1919555{col 46}{space 2} .0049068{col 57}{space 1}  -39.12{col 66}{space 3}0.000{col 74}{space 4}-.2015726{col 87}{space 3}-.1823383
{txt}{space 2}zbarrierstohousingandservscore {c |}{col 34}{res}{space 2} .3117702{col 46}{space 2} .0039091{col 57}{space 1}   79.75{col 66}{space 3}0.000{col 74}{space 4} .3041084{col 87}{space 3} .3194319
{txt}zeducationskillsandtrainingscore {c |}{col 34}{res}{space 2} .0542529{col 46}{space 2} .0065247{col 57}{space 1}    8.31{col 66}{space 3}0.000{col 74}{space 4} .0414646{col 87}{space 3} .0670411
{txt}{space 4}zhealthdeprivationanddisabsc {c |}{col 34}{res}{space 2}-.2059447{col 46}{space 2} .0085404{col 57}{space 1}  -24.11{col 66}{space 3}0.000{col 74}{space 4}-.2226835{col 87}{space 3}-.1892059
{txt}{space 9}zlivingenvironmentscore {c |}{col 34}{res}{space 2} .1024563{col 46}{space 2} .0042672{col 57}{space 1}   24.01{col 66}{space 3}0.000{col 74}{space 4} .0940928{col 87}{space 3} .1108198
{txt}{space 27}_cons {c |}{col 34}{res}{space 2} .0406032{col 46}{space 2} .0288186{col 57}{space 1}    1.41{col 66}{space 3}0.159{col 74}{space 4}-.0158803{col 87}{space 3} .0970866
{txt}{hline 33}{c BT}{hline 11}{hline 11}{hline 9}{hline 8}{hline 13}{hline 12}
{res}
{txt}{hline 29}{c TT}{hline 48}
{col 3}Random-effects parameters{col 30}{c |}{col 34}Estimate{col 45}Std. err.{col 59}[95% conf. interval]
{hline 29}{c +}{hline 48}
{res}la_codenum{txt}: Identity{col 30}{c |}
{space 18}var(_cons) {c |}{res}{col 33} .2586464{col 44} .0212849{col 58} .2201194{col 70} .3039168
{txt}{hline 29}{c +}{hline 48}
{col 16}var(Residual){col 30}{c |}{res}{col 33}  .298773{col 44} .0023432{col 58} .2942155{col 70} .3034012
{txt}{hline 29}{c BT}{hline 48}
LR test vs. linear model:{col 27}{help j_chibar##|_new:chibar2(01) =} {res}14579.79{col 55}{txt}Prob >= chibar2 = {col 73}{res}0.0000
{txt}
{com}. 
. mixed zfd  zsimd2020_employment_domain_rank zsimd2020_housing_domain_rank zsimd2020_education_domain_rank   if nation=="Scotland" || la_codenum:
{res}
{txt}Performing EM optimization ...
{res}
{txt}Performing gradient-based optimization: 
{res}{txt}Iteration 0:{space 2}Log likelihood = {res:-9362.2185}  
Iteration 1:{space 2}Log likelihood = {res:-9362.2185}  (backed up)
{res}
{txt}Computing standard errors ...
{res}
{txt}Mixed-effects ML regression{col 53}Number of obs{col 69} = {res}  6,976
{txt}Group variable: {res}la_codenum{col 53}{txt}Number of groups{col 69} = {res}     32
{txt}{col 53}Obs per group:
{col 66}min = {res}     29
{txt}{col 66}avg = {res}  218.0
{txt}{col 66}max = {res}    746
{col 53}{txt}Wald chi2({res}3{txt}){col 69} = {res}1684.77
{txt}Log likelihood = {res}-9362.2185{col 53}{txt}Prob > chi2{col 69} = {res} 0.0000

{txt}{hline 33}{c TT}{hline 11}{hline 11}{hline 9}{hline 8}{hline 13}{hline 12}
{col 1}                             zfd{col 34}{c |} Coefficient{col 46}  Std. err.{col 58}      z{col 66}   P>|z|{col 74}     [95% con{col 87}f. interval]
{hline 33}{c +}{hline 11}{hline 11}{hline 9}{hline 8}{hline 13}{hline 12}
zsimd2020_employment_domain_rank {c |}{col 34}{res}{space 2}-.3839821{col 46}{space 2} .0230194{col 57}{space 1}  -16.68{col 66}{space 3}0.000{col 74}{space 4}-.4290993{col 87}{space 3} -.338865
{txt}{space 3}zsimd2020_housing_domain_rank {c |}{col 34}{res}{space 2} .1156484{col 46}{space 2} .0187061{col 57}{space 1}    6.18{col 66}{space 3}0.000{col 74}{space 4} .0789851{col 87}{space 3} .1523116
{txt}{space 1}zsimd2020_education_domain_rank {c |}{col 34}{res}{space 2} -.190546{col 46}{space 2} .0237665{col 57}{space 1}   -8.02{col 66}{space 3}0.000{col 74}{space 4}-.2371275{col 87}{space 3}-.1439644
{txt}{space 27}_cons {c |}{col 34}{res}{space 2} .4860125{col 46}{space 2} .1667895{col 57}{space 1}    2.91{col 66}{space 3}0.004{col 74}{space 4}  .159111{col 87}{space 3} .8129139
{txt}{hline 33}{c BT}{hline 11}{hline 11}{hline 9}{hline 8}{hline 13}{hline 12}
{res}
{txt}{hline 29}{c TT}{hline 48}
{col 3}Random-effects parameters{col 30}{c |}{col 34}Estimate{col 45}Std. err.{col 59}[95% conf. interval]
{hline 29}{c +}{hline 48}
{res}la_codenum{txt}: Identity{col 30}{c |}
{space 18}var(_cons) {c |}{res}{col 33} .8832242{col 44} .2247206{col 58} .5364114{col 70} 1.454266
{txt}{hline 29}{c +}{hline 48}
{col 16}var(Residual){col 30}{c |}{res}{col 33} .8373366{col 44} .0142112{col 58} .8099413{col 70} .8656584
{txt}{hline 29}{c BT}{hline 48}
LR test vs. linear model:{col 27}{help j_chibar##|_new:chibar2(01) =} {res}2809.54{col 55}{txt}Prob >= chibar2 = {col 73}{res}0.0000
{txt}
{com}. 
. mixed zfd  zEmployment_Score2019   zHealth_Score2019 zEducation_Score2019 if nation=="Wales" || la_codenum:
{res}
{txt}Performing EM optimization ...
{res}
{txt}Performing gradient-based optimization: 
{res}{txt}Iteration 0:{space 2}Log likelihood = {res:-2527.1054}  
Iteration 1:{space 2}Log likelihood = {res:-2527.1054}  
{res}
{txt}Computing standard errors ...
{res}
{txt}Mixed-effects ML regression{col 54}Number of obs{col 70} = {res} 1,909
{txt}Group variable: {res}la_codenum{col 54}{txt}Number of groups{col 70} = {res}    22
{txt}{col 54}Obs per group:
{col 67}min = {res}    36
{txt}{col 67}avg = {res}  86.8
{txt}{col 67}max = {res}   214
{col 54}{txt}Wald chi2({res}3{txt}){col 70} = {res}416.61
{txt}Log likelihood = {res}-2527.1054{col 54}{txt}Prob > chi2{col 70} = {res}0.0000

{txt}{hline 22}{c TT}{hline 11}{hline 11}{hline 9}{hline 8}{hline 13}{hline 12}
{col 1}                  zfd{col 23}{c |} Coefficient{col 35}  Std. err.{col 47}      z{col 55}   P>|z|{col 63}     [95% con{col 76}f. interval]
{hline 22}{c +}{hline 11}{hline 11}{hline 9}{hline 8}{hline 13}{hline 12}
zEmployment_Score2019 {c |}{col 23}{res}{space 2}  .394718{col 35}{space 2}  .050094{col 46}{space 1}    7.88{col 55}{space 3}0.000{col 63}{space 4} .2965355{col 76}{space 3} .4929005
{txt}{space 4}zHealth_Score2019 {c |}{col 23}{res}{space 2}-.0221633{col 35}{space 2} .0552226{col 46}{space 1}   -0.40{col 55}{space 3}0.688{col 63}{space 4}-.1303975{col 76}{space 3} .0860709
{txt}{space 1}zEducation_Score2019 {c |}{col 23}{res}{space 2} .0786413{col 35}{space 2} .0397892{col 46}{space 1}    1.98{col 55}{space 3}0.048{col 63}{space 4}  .000656{col 76}{space 3} .1566266
{txt}{space 16}_cons {c |}{col 23}{res}{space 2}  .536856{col 35}{space 2} .1876378{col 46}{space 1}    2.86{col 55}{space 3}0.004{col 63}{space 4} .1690926{col 76}{space 3} .9046193
{txt}{hline 22}{c BT}{hline 11}{hline 11}{hline 9}{hline 8}{hline 13}{hline 12}
{res}
{txt}{hline 29}{c TT}{hline 48}
{col 3}Random-effects parameters{col 30}{c |}{col 34}Estimate{col 45}Std. err.{col 59}[95% conf. interval]
{hline 29}{c +}{hline 48}
{res}la_codenum{txt}: Identity{col 30}{c |}
{space 18}var(_cons) {c |}{res}{col 33} .7637073{col 44} .2338531{col 58} .4190659{col 70} 1.391783
{txt}{hline 29}{c +}{hline 48}
{col 16}var(Residual){col 30}{c |}{res}{col 33} .7862514{col 44} .0255975{col 58} .7376484{col 70} .8380568
{txt}{hline 29}{c BT}{hline 48}
LR test vs. linear model:{col 27}{help j_chibar##|_new:chibar2(01) =} {res}1117.88{col 55}{txt}Prob >= chibar2 = {col 73}{res}0.0000
{txt}
{com}. 
. capture log close
{smcl}
{com}{sf}{ul off}