{smcl}
{com}{sf}{ul off}{txt}
{com}. 
. use "E:\16GBBACKUPUSB\BACKUP_USB_SEPTEMBER2014\May Baydoun_folder\UK_BIOBANK_PROJECT\UKB_PAPER20_ADI_FOODESERT\DATA\UK_fooddesertdatafinalizedIMD_mergedfinalized.dta",clear
{txt}
{com}. 
. 
. global mainvars zinc_sc zemp_sc zed_sc zhlth_sc zcrm_sc  zhsserv_sc zlivenv_sc
{txt}
{com}. 
. capture drop i_*
{txt}
{com}. 
. foreach v1 in $mainvars {c -(}
{txt}  2{com}.     foreach v2 in $mainvars {c -(}
{txt}  3{com}.         if "`v1'" < "`v2'" {c -(}
{txt}  4{com}.             gen i_`v1'_`v2' = `v1' * `v2'
{txt}  5{com}.         {c )-}
{txt}  6{com}.     {c )-}
{txt}  7{com}. {c )-}
{txt}(18,037 missing values generated)
(18,037 missing values generated)
(18,037 missing values generated)
(18,037 missing values generated)
(18,037 missing values generated)
(18,037 missing values generated)
(18,037 missing values generated)
(16,331 missing values generated)
(17,227 missing values generated)
(16,331 missing values generated)
(18,037 missing values generated)
(17,227 missing values generated)
(16,331 missing values generated)
(18,037 missing values generated)
(18,037 missing values generated)
(18,037 missing values generated)
(18,037 missing values generated)
(18,037 missing values generated)
(18,037 missing values generated)
(18,037 missing values generated)
(17,227 missing values generated)

{com}. 
. 
. 
. mixed zfd zemp_sc i_zhlth_sc_zinc_sc zinc_sc zcrm_sc i_zhsserv_sc_zinc_sc i_zed_sc_zhlth_sc i_zemp_sc_zinc_sc zed_sc zhsserv_sc i_zcrm_sc_zinc_sc i_zemp_sc_zhsserv_sc i_zed_sc_zemp_sc  i_zcrm_sc_zlivenv_sc i_zhlth_sc_zhsserv_sc i_zcrm_sc_zemp_sc i_zhsserv_sc_zlivenv_sc i_zemp_sc_zhlth_sc i_zinc_sc_zlivenv_sc zhlth_sc i_zemp_sc_zlivenv_sc i_zed_sc_zlivenv_sc i_zed_sc_zinc_sc i_zcrm_sc_zhsserv_sc zlivenv_sc i_zcrm_sc_zhlth_sc i_zhlth_sc_zlivenv_sc i_zed_sc_zhsserv_sc i_zcrm_sc_zed_sc if nation=="England" || la_codenum:
{res}
{txt}Performing EM optimization ...
{res}
{txt}Performing gradient-based optimization: 
{res}{txt}Iteration 0:{space 2}Log likelihood = {res:-25608.618}  
Iteration 1:{space 2}Log likelihood = {res:-25608.618}  
{res}
{txt}Computing standard errors ...
{res}
{txt}Mixed-effects ML regression{col 52}Number of obs{col 68} = {res}  32,844
{txt}Group variable: {res}la_codenum{col 52}{txt}Number of groups{col 68} = {res}     317
{txt}{col 52}Obs per group:
{col 65}min = {res}       1
{txt}{col 65}avg = {res}   103.6
{txt}{col 65}max = {res}     639
{col 52}{txt}Wald chi2({res}28{txt}){col 68} = {res}38355.48
{txt}Log likelihood = {res}-25608.618{col 52}{txt}Prob > chi2{col 68} = {res}  0.0000

{txt}{hline 24}{c TT}{hline 11}{hline 11}{hline 9}{hline 8}{hline 13}{hline 12}
{col 1}                    zfd{col 25}{c |} Coefficient{col 37}  Std. err.{col 49}      z{col 57}   P>|z|{col 65}     [95% con{col 78}f. interval]
{hline 24}{c +}{hline 11}{hline 11}{hline 9}{hline 8}{hline 13}{hline 12}
{space 16}zemp_sc {c |}{col 25}{res}{space 2} .4217949{col 37}{space 2} .0165179{col 48}{space 1}   25.54{col 57}{space 3}0.000{col 65}{space 4} .3894205{col 78}{space 3} .4541693
{txt}{space 5}i_zhlth_sc_zinc_sc {c |}{col 25}{res}{space 2} .2100614{col 37}{space 2} .0192587{col 48}{space 1}   10.91{col 57}{space 3}0.000{col 65}{space 4} .1723151{col 78}{space 3} .2478078
{txt}{space 16}zinc_sc {c |}{col 25}{res}{space 2} .1423443{col 37}{space 2} .0164037{col 48}{space 1}    8.68{col 57}{space 3}0.000{col 65}{space 4} .1101937{col 78}{space 3} .1744949
{txt}{space 16}zcrm_sc {c |}{col 25}{res}{space 2}-.1669453{col 37}{space 2} .0048087{col 48}{space 1}  -34.72{col 57}{space 3}0.000{col 65}{space 4}-.1763702{col 78}{space 3}-.1575203
{txt}{space 3}i_zhsserv_sc_zinc_sc {c |}{col 25}{res}{space 2}-.1158325{col 37}{space 2} .0111689{col 48}{space 1}  -10.37{col 57}{space 3}0.000{col 65}{space 4}-.1377232{col 78}{space 3}-.0939418
{txt}{space 6}i_zed_sc_zhlth_sc {c |}{col 25}{res}{space 2}-.0335788{col 37}{space 2} .0129397{col 48}{space 1}   -2.60{col 57}{space 3}0.009{col 65}{space 4}-.0589401{col 78}{space 3}-.0082175
{txt}{space 6}i_zemp_sc_zinc_sc {c |}{col 25}{res}{space 2}-.1091249{col 37}{space 2} .0101116{col 48}{space 1}  -10.79{col 57}{space 3}0.000{col 65}{space 4}-.1289433{col 78}{space 3}-.0893064
{txt}{space 17}zed_sc {c |}{col 25}{res}{space 2} .0002692{col 37}{space 2} .0083862{col 48}{space 1}    0.03{col 57}{space 3}0.974{col 65}{space 4}-.0161675{col 78}{space 3} .0167059
{txt}{space 13}zhsserv_sc {c |}{col 25}{res}{space 2} .2402264{col 37}{space 2} .0040929{col 48}{space 1}   58.69{col 57}{space 3}0.000{col 65}{space 4} .2322045{col 78}{space 3} .2482484
{txt}{space 6}i_zcrm_sc_zinc_sc {c |}{col 25}{res}{space 2} .1206219{col 37}{space 2}  .015452{col 48}{space 1}    7.81{col 57}{space 3}0.000{col 65}{space 4} .0903364{col 78}{space 3} .1509073
{txt}{space 3}i_zemp_sc_zhsserv_sc {c |}{col 25}{res}{space 2} .1240627{col 37}{space 2} .0124097{col 48}{space 1}   10.00{col 57}{space 3}0.000{col 65}{space 4}   .09974{col 78}{space 3} .1483853
{txt}{space 7}i_zed_sc_zemp_sc {c |}{col 25}{res}{space 2} .1186487{col 37}{space 2} .0153321{col 48}{space 1}    7.74{col 57}{space 3}0.000{col 65}{space 4} .0885983{col 78}{space 3} .1486991
{txt}{space 3}i_zcrm_sc_zlivenv_sc {c |}{col 25}{res}{space 2}-.0954795{col 37}{space 2}  .004092{col 48}{space 1}  -23.33{col 57}{space 3}0.000{col 65}{space 4}-.1034997{col 78}{space 3}-.0874592
{txt}{space 2}i_zhlth_sc_zhsserv_sc {c |}{col 25}{res}{space 2}-.0861403{col 37}{space 2} .0065881{col 48}{space 1}  -13.08{col 57}{space 3}0.000{col 65}{space 4}-.0990527{col 78}{space 3} -.073228
{txt}{space 6}i_zcrm_sc_zemp_sc {c |}{col 25}{res}{space 2}-.0790655{col 37}{space 2}   .01608{col 48}{space 1}   -4.92{col 57}{space 3}0.000{col 65}{space 4}-.1105817{col 78}{space 3}-.0475493
{txt}i_zhsserv_sc_zlivenv_sc {c |}{col 25}{res}{space 2} .0889863{col 37}{space 2} .0033968{col 48}{space 1}   26.20{col 57}{space 3}0.000{col 65}{space 4} .0823287{col 78}{space 3}  .095644
{txt}{space 5}i_zemp_sc_zhlth_sc {c |}{col 25}{res}{space 2}-.0315444{col 37}{space 2} .0158246{col 48}{space 1}   -1.99{col 57}{space 3}0.046{col 65}{space 4}  -.06256{col 78}{space 3}-.0005288
{txt}{space 3}i_zinc_sc_zlivenv_sc {c |}{col 25}{res}{space 2}-.0345401{col 37}{space 2} .0131147{col 48}{space 1}   -2.63{col 57}{space 3}0.008{col 65}{space 4}-.0602444{col 78}{space 3}-.0088358
{txt}{space 15}zhlth_sc {c |}{col 25}{res}{space 2}-.0839339{col 37}{space 2} .0095464{col 48}{space 1}   -8.79{col 57}{space 3}0.000{col 65}{space 4}-.1026446{col 78}{space 3}-.0652232
{txt}{space 3}i_zemp_sc_zlivenv_sc {c |}{col 25}{res}{space 2} .0489183{col 37}{space 2} .0122567{col 48}{space 1}    3.99{col 57}{space 3}0.000{col 65}{space 4} .0248956{col 78}{space 3} .0729411
{txt}{space 4}i_zed_sc_zlivenv_sc {c |}{col 25}{res}{space 2} .0318245{col 37}{space 2} .0065084{col 48}{space 1}    4.89{col 57}{space 3}0.000{col 65}{space 4} .0190683{col 78}{space 3} .0445807
{txt}{space 7}i_zed_sc_zinc_sc {c |}{col 25}{res}{space 2}-.0747211{col 37}{space 2} .0137316{col 48}{space 1}   -5.44{col 57}{space 3}0.000{col 65}{space 4}-.1016346{col 78}{space 3}-.0478076
{txt}{space 3}i_zcrm_sc_zhsserv_sc {c |}{col 25}{res}{space 2}-.0003607{col 37}{space 2} .0043162{col 48}{space 1}   -0.08{col 57}{space 3}0.933{col 65}{space 4}-.0088203{col 78}{space 3} .0080989
{txt}{space 13}zlivenv_sc {c |}{col 25}{res}{space 2} .0877672{col 37}{space 2} .0045467{col 48}{space 1}   19.30{col 57}{space 3}0.000{col 65}{space 4} .0788558{col 78}{space 3} .0966787
{txt}{space 5}i_zcrm_sc_zhlth_sc {c |}{col 25}{res}{space 2} .0254461{col 37}{space 2} .0082602{col 48}{space 1}    3.08{col 57}{space 3}0.002{col 65}{space 4} .0092564{col 78}{space 3} .0416357
{txt}{space 2}i_zhlth_sc_zlivenv_sc {c |}{col 25}{res}{space 2}-.0644459{col 37}{space 2} .0068788{col 48}{space 1}   -9.37{col 57}{space 3}0.000{col 65}{space 4} -.077928{col 78}{space 3}-.0509637
{txt}{space 4}i_zed_sc_zhsserv_sc {c |}{col 25}{res}{space 2} .0020911{col 37}{space 2} .0066037{col 48}{space 1}    0.32{col 57}{space 3}0.752{col 65}{space 4}-.0108519{col 78}{space 3} .0150341
{txt}{space 7}i_zcrm_sc_zed_sc {c |}{col 25}{res}{space 2}-.0312459{col 37}{space 2} .0084369{col 48}{space 1}   -3.70{col 57}{space 3}0.000{col 65}{space 4}-.0477818{col 78}{space 3}-.0147099
{txt}{space 18}_cons {c |}{col 25}{res}{space 2}-.0066691{col 37}{space 2} .0273598{col 48}{space 1}   -0.24{col 57}{space 3}0.807{col 65}{space 4}-.0602933{col 78}{space 3} .0469551
{txt}{hline 24}{c BT}{hline 11}{hline 11}{hline 9}{hline 8}{hline 13}{hline 12}
{res}
{txt}{hline 29}{c TT}{hline 48}
{col 3}Random-effects parameters{col 30}{c |}{col 34}Estimate{col 45}Std. err.{col 59}[95% conf. interval]
{hline 29}{c +}{hline 48}
{res}la_codenum{txt}: Identity{col 30}{c |}
{space 18}var(_cons) {c |}{res}{col 33} .2290391{col 44} .0188627{col 58} .1948984{col 70} .2691603
{txt}{hline 29}{c +}{hline 48}
{col 16}var(Residual){col 30}{c |}{res}{col 33} .2670549{col 44} .0020945{col 58} .2629812{col 70} .2711917
{txt}{hline 29}{c BT}{hline 48}
LR test vs. linear model:{col 27}{help j_chibar##|_new:chibar2(01) =} {res}12181.51{col 55}{txt}Prob >= chibar2 = {col 73}{res}0.0000
{txt}
{com}. 
. global mainvars zsinc_rank zsempl_rank zsed_rank zsacc_rank zscrime_rank  zshouse_rank 
{txt}
{com}. 
. 
. capture drop i_*
{txt}
{com}. foreach v1 in $mainvars {c -(}
{txt}  2{com}.     foreach v2 in $mainvars {c -(}
{txt}  3{com}.         if "`v1'" < "`v2'" {c -(}
{txt}  4{com}.             gen i_`v1'_`v2' = `v1' * `v2'
{txt}  5{com}.         {c )-}
{txt}  6{com}.     {c )-}
{txt}  7{com}. {c )-}
{txt}(43,905 missing values generated)
(43,905 missing values generated)
(43,905 missing values generated)
(43,905 missing values generated)
(43,905 missing values generated)
(43,905 missing values generated)
(43,905 missing values generated)
(43,905 missing values generated)
(43,905 missing values generated)
(43,905 missing values generated)
(43,905 missing values generated)
(43,905 missing values generated)
(43,905 missing values generated)
(43,905 missing values generated)
(43,905 missing values generated)

{com}. 
. 
. 
. mixed zfd  zsinc_rank zsacc_rank zsempl_rank i_zsacc_rank_zscrime_rank i_zsed_rank_zsinc_rank zscrime_rank i_zscrime_rank_zsempl_rank i_zsed_rank_zsempl_rank zshouse_rank i_zsacc_rank_zsempl_rank i_zscrime_rank_zsinc_rank i_zsed_rank_zshouse_rank i_zsempl_rank_zsinc_rank i_zsacc_rank_zshouse_rank i_zscrime_rank_zsed_rank i_zscrime_rank_zshouse_rank i_zsacc_rank_zsinc_rank i_zsacc_rank_zsed_rank zsed_rank i_zshouse_rank_zsinc_rank   if nation=="Scotland" || la_codenum:
{res}
{txt}Performing EM optimization ...
{res}
{txt}Performing gradient-based optimization: 
{res}{txt}Iteration 0:{space 2}Log likelihood = {res:-8316.6554}  
Iteration 1:{space 2}Log likelihood = {res:-8316.6554}  (backed up)
{res}
{txt}Computing standard errors ...
{res}
{txt}Mixed-effects ML regression{col 53}Number of obs{col 69} = {res}  6,976
{txt}Group variable: {res}la_codenum{col 53}{txt}Number of groups{col 69} = {res}     32
{txt}{col 53}Obs per group:
{col 66}min = {res}     29
{txt}{col 66}avg = {res}  218.0
{txt}{col 66}max = {res}    746
{col 53}{txt}Wald chi2({res}20{txt}){col 69} = {res}4711.27
{txt}Log likelihood = {res}-8316.6554{col 53}{txt}Prob > chi2{col 69} = {res} 0.0000

{txt}{hline 28}{c TT}{hline 11}{hline 11}{hline 9}{hline 8}{hline 13}{hline 12}
{col 1}                        zfd{col 29}{c |} Coefficient{col 41}  Std. err.{col 53}      z{col 61}   P>|z|{col 69}     [95% con{col 82}f. interval]
{hline 28}{c +}{hline 11}{hline 11}{hline 9}{hline 8}{hline 13}{hline 12}
{space 17}zsinc_rank {c |}{col 29}{res}{space 2}-.4233453{col 41}{space 2} .0431098{col 52}{space 1}   -9.82{col 61}{space 3}0.000{col 69}{space 4}-.5078389{col 82}{space 3}-.3388517
{txt}{space 17}zsacc_rank {c |}{col 29}{res}{space 2} -.402901{col 41}{space 2} .0114929{col 52}{space 1}  -35.06{col 61}{space 3}0.000{col 69}{space 4}-.4254266{col 82}{space 3}-.3803754
{txt}{space 16}zsempl_rank {c |}{col 29}{res}{space 2}-.2765646{col 41}{space 2} .0383857{col 52}{space 1}   -7.20{col 61}{space 3}0.000{col 69}{space 4}-.3517991{col 82}{space 3}  -.20133
{txt}{space 2}i_zsacc_rank_zscrime_rank {c |}{col 29}{res}{space 2}-.1637697{col 41}{space 2} .0142066{col 52}{space 1}  -11.53{col 61}{space 3}0.000{col 69}{space 4} -.191614{col 82}{space 3}-.1359253
{txt}{space 5}i_zsed_rank_zsinc_rank {c |}{col 29}{res}{space 2}-.1872016{col 41}{space 2} .0489293{col 52}{space 1}   -3.83{col 61}{space 3}0.000{col 69}{space 4}-.2831012{col 82}{space 3}-.0913019
{txt}{space 15}zscrime_rank {c |}{col 29}{res}{space 2} .1714031{col 41}{space 2} .0140731{col 52}{space 1}   12.18{col 61}{space 3}0.000{col 69}{space 4} .1438204{col 82}{space 3} .1989858
{txt}{space 1}i_zscrime_rank_zsempl_rank {c |}{col 29}{res}{space 2}-.1824046{col 41}{space 2} .0429265{col 52}{space 1}   -4.25{col 61}{space 3}0.000{col 69}{space 4}-.2665389{col 82}{space 3}-.0982703
{txt}{space 4}i_zsed_rank_zsempl_rank {c |}{col 29}{res}{space 2} .2002747{col 41}{space 2} .0485272{col 52}{space 1}    4.13{col 61}{space 3}0.000{col 69}{space 4} .1051631{col 82}{space 3} .2953863
{txt}{space 15}zshouse_rank {c |}{col 29}{res}{space 2}-.0134869{col 41}{space 2} .0185228{col 52}{space 1}   -0.73{col 61}{space 3}0.467{col 69}{space 4}-.0497909{col 82}{space 3}  .022817
{txt}{space 3}i_zsacc_rank_zsempl_rank {c |}{col 29}{res}{space 2}-.0434938{col 41}{space 2} .0376387{col 52}{space 1}   -1.16{col 61}{space 3}0.248{col 69}{space 4}-.1172643{col 82}{space 3} .0302767
{txt}{space 2}i_zscrime_rank_zsinc_rank {c |}{col 29}{res}{space 2} .1108686{col 41}{space 2} .0484203{col 52}{space 1}    2.29{col 61}{space 3}0.022{col 69}{space 4} .0159666{col 82}{space 3} .2057706
{txt}{space 3}i_zsed_rank_zshouse_rank {c |}{col 29}{res}{space 2}-.0992584{col 41}{space 2} .0252453{col 52}{space 1}   -3.93{col 61}{space 3}0.000{col 69}{space 4}-.1487382{col 82}{space 3}-.0497786
{txt}{space 3}i_zsempl_rank_zsinc_rank {c |}{col 29}{res}{space 2} .1382752{col 41}{space 2}  .028338{col 52}{space 1}    4.88{col 61}{space 3}0.000{col 69}{space 4} .0827337{col 82}{space 3} .1938168
{txt}{space 2}i_zsacc_rank_zshouse_rank {c |}{col 29}{res}{space 2} .0730933{col 41}{space 2}  .015084{col 52}{space 1}    4.85{col 61}{space 3}0.000{col 69}{space 4} .0435291{col 82}{space 3} .1026574
{txt}{space 3}i_zscrime_rank_zsed_rank {c |}{col 29}{res}{space 2} .0974375{col 41}{space 2} .0264652{col 52}{space 1}    3.68{col 61}{space 3}0.000{col 69}{space 4} .0455667{col 82}{space 3} .1493083
{txt}i_zscrime_rank_zshouse_rank {c |}{col 29}{res}{space 2}-.1182288{col 41}{space 2} .0175758{col 52}{space 1}   -6.73{col 61}{space 3}0.000{col 69}{space 4}-.1526767{col 82}{space 3}-.0837809
{txt}{space 4}i_zsacc_rank_zsinc_rank {c |}{col 29}{res}{space 2} -.041594{col 41}{space 2} .0427491{col 52}{space 1}   -0.97{col 61}{space 3}0.331{col 69}{space 4}-.1253806{col 82}{space 3} .0421927
{txt}{space 5}i_zsacc_rank_zsed_rank {c |}{col 29}{res}{space 2}-.0411038{col 41}{space 2}  .023573{col 52}{space 1}   -1.74{col 61}{space 3}0.081{col 69}{space 4}-.0873061{col 82}{space 3} .0050986
{txt}{space 18}zsed_rank {c |}{col 29}{res}{space 2}-.0313774{col 41}{space 2} .0229088{col 52}{space 1}   -1.37{col 61}{space 3}0.171{col 69}{space 4}-.0762778{col 82}{space 3} .0135231
{txt}{space 2}i_zshouse_rank_zsinc_rank {c |}{col 29}{res}{space 2} .0560386{col 41}{space 2}   .02686{col 52}{space 1}    2.09{col 61}{space 3}0.037{col 69}{space 4} .0033939{col 82}{space 3} .1086833
{txt}{space 22}_cons {c |}{col 29}{res}{space 2} .2811838{col 41}{space 2} .1387719{col 52}{space 1}    2.03{col 61}{space 3}0.043{col 69}{space 4} .0091959{col 82}{space 3} .5531718
{txt}{hline 28}{c BT}{hline 11}{hline 11}{hline 9}{hline 8}{hline 13}{hline 12}
{res}
{txt}{hline 29}{c TT}{hline 48}
{col 3}Random-effects parameters{col 30}{c |}{col 34}Estimate{col 45}Std. err.{col 59}[95% conf. interval]
{hline 29}{c +}{hline 48}
{res}la_codenum{txt}: Identity{col 30}{c |}
{space 18}var(_cons) {c |}{res}{col 33} .6067415{col 44} .1548033{col 58} .3679842{col 70}  1.00041
{txt}{hline 29}{c +}{hline 48}
{col 16}var(Residual){col 30}{c |}{res}{col 33} .6206778{col 44} .0105342{col 58} .6003708{col 70} .6416717
{txt}{hline 29}{c BT}{hline 48}
LR test vs. linear model:{col 27}{help j_chibar##|_new:chibar2(01) =} {res}2313.05{col 55}{txt}Prob >= chibar2 = {col 73}{res}0.0000
{txt}
{com}. 
. 
. 
. global mainvars zwinc_sc  zwemp_sc zwhlth_sc zwed_sc zwacc_sc zwhouse_sc zwcrime_sc zwenv_sc
{txt}
{com}. 
. 
. capture drop i_*
{txt}
{com}. foreach v1 in $mainvars {c -(}
{txt}  2{com}.     foreach v2 in $mainvars {c -(}
{txt}  3{com}.         if "`v1'" < "`v2'" {c -(}
{txt}  4{com}.             gen i_`v1'_`v2' = `v1' * `v2'
{txt}  5{com}.         {c )-}
{txt}  6{com}.     {c )-}
{txt}  7{com}. {c )-}
{txt}(48,972 missing values generated)
(48,972 missing values generated)
(48,972 missing values generated)
(48,972 missing values generated)
(48,972 missing values generated)
(48,972 missing values generated)
(48,972 missing values generated)
(48,972 missing values generated)
(48,972 missing values generated)
(48,972 missing values generated)
(48,972 missing values generated)
(48,972 missing values generated)
(48,972 missing values generated)
(48,972 missing values generated)
(48,972 missing values generated)
(48,972 missing values generated)
(48,972 missing values generated)
(48,972 missing values generated)
(48,972 missing values generated)
(48,972 missing values generated)
(48,972 missing values generated)
(48,972 missing values generated)
(48,972 missing values generated)
(48,972 missing values generated)
(48,972 missing values generated)
(48,972 missing values generated)
(48,972 missing values generated)
(48,972 missing values generated)

{com}. 
. 
. 
. 
. mixed zfd  zwemp_sc zwacc_sc i_zwemp_sc_zwinc_sc zwhlth_sc i_zwemp_sc_zwhlth_sc zwinc_sc zwcrime_sc zwenv_sc i_zwcrime_sc_zwhlth_sc i_zwacc_sc_zwhlth_sc i_zwacc_sc_zwcrime_sc zwhouse_sc i_zwenv_sc_zwhouse_sc i_zwcrime_sc_zwhouse_sc i_zwhouse_sc_zwinc_sc i_zwed_sc_zwhlth_sc i_zwcrime_sc_zwenv_sc if nation=="Wales" || la_codenum:
{res}
{txt}Performing EM optimization ...
{res}
{txt}Performing gradient-based optimization: 
{res}{txt}Iteration 0:{space 2}Log likelihood = {res:-1900.6816}  
Iteration 1:{space 2}Log likelihood = {res:-1900.6816}  
{res}
{txt}Computing standard errors ...
{res}
{txt}Mixed-effects ML regression{col 53}Number of obs{col 69} = {res}  1,909
{txt}Group variable: {res}la_codenum{col 53}{txt}Number of groups{col 69} = {res}     22
{txt}{col 53}Obs per group:
{col 66}min = {res}     36
{txt}{col 66}avg = {res}   86.8
{txt}{col 66}max = {res}    214
{col 53}{txt}Wald chi2({res}17{txt}){col 69} = {res}2572.87
{txt}Log likelihood = {res}-1900.6816{col 53}{txt}Prob > chi2{col 69} = {res} 0.0000

{txt}{hline 24}{c TT}{hline 11}{hline 11}{hline 9}{hline 8}{hline 13}{hline 12}
{col 1}                    zfd{col 25}{c |} Coefficient{col 37}  Std. err.{col 49}      z{col 57}   P>|z|{col 65}     [95% con{col 78}f. interval]
{hline 24}{c +}{hline 11}{hline 11}{hline 9}{hline 8}{hline 13}{hline 12}
{space 15}zwemp_sc {c |}{col 25}{res}{space 2} .5087232{col 37}{space 2} .0559163{col 48}{space 1}    9.10{col 57}{space 3}0.000{col 65}{space 4} .3991293{col 78}{space 3} .6183172
{txt}{space 15}zwacc_sc {c |}{col 25}{res}{space 2} .4168692{col 37}{space 2} .0251411{col 48}{space 1}   16.58{col 57}{space 3}0.000{col 65}{space 4} .3675935{col 78}{space 3} .4661449
{txt}{space 4}i_zwemp_sc_zwinc_sc {c |}{col 25}{res}{space 2}-.2394773{col 37}{space 2} .0385727{col 48}{space 1}   -6.21{col 57}{space 3}0.000{col 65}{space 4}-.3150784{col 78}{space 3}-.1638763
{txt}{space 14}zwhlth_sc {c |}{col 25}{res}{space 2}-.3711153{col 37}{space 2} .0570955{col 48}{space 1}   -6.50{col 57}{space 3}0.000{col 65}{space 4}-.4830203{col 78}{space 3}-.2592102
{txt}{space 3}i_zwemp_sc_zwhlth_sc {c |}{col 25}{res}{space 2} .1593298{col 37}{space 2}  .041386{col 48}{space 1}    3.85{col 57}{space 3}0.000{col 65}{space 4} .0782148{col 78}{space 3} .2404447
{txt}{space 15}zwinc_sc {c |}{col 25}{res}{space 2} .4192162{col 37}{space 2} .0684413{col 48}{space 1}    6.13{col 57}{space 3}0.000{col 65}{space 4} .2850737{col 78}{space 3} .5533586
{txt}{space 13}zwcrime_sc {c |}{col 25}{res}{space 2} -.330366{col 37}{space 2} .0305403{col 48}{space 1}  -10.82{col 57}{space 3}0.000{col 65}{space 4}-.3902238{col 78}{space 3}-.2705082
{txt}{space 15}zwenv_sc {c |}{col 25}{res}{space 2}-.0027565{col 37}{space 2} .0011112{col 48}{space 1}   -2.48{col 57}{space 3}0.013{col 65}{space 4}-.0049344{col 78}{space 3}-.0005787
{txt}{space 1}i_zwcrime_sc_zwhlth_sc {c |}{col 25}{res}{space 2} .1000439{col 37}{space 2} .0182365{col 48}{space 1}    5.49{col 57}{space 3}0.000{col 65}{space 4} .0643009{col 78}{space 3} .1357869
{txt}{space 3}i_zwacc_sc_zwhlth_sc {c |}{col 25}{res}{space 2}-.1490482{col 37}{space 2} .0326959{col 48}{space 1}   -4.56{col 57}{space 3}0.000{col 65}{space 4} -.213131{col 78}{space 3}-.0849654
{txt}{space 2}i_zwacc_sc_zwcrime_sc {c |}{col 25}{res}{space 2} -.088124{col 37}{space 2} .0276377{col 48}{space 1}   -3.19{col 57}{space 3}0.001{col 65}{space 4}-.1422929{col 78}{space 3}-.0339552
{txt}{space 13}zwhouse_sc {c |}{col 25}{res}{space 2} .1317026{col 37}{space 2} .0266463{col 48}{space 1}    4.94{col 57}{space 3}0.000{col 65}{space 4} .0794769{col 78}{space 3} .1839283
{txt}{space 2}i_zwenv_sc_zwhouse_sc {c |}{col 25}{res}{space 2}-.0024611{col 37}{space 2} .0006187{col 48}{space 1}   -3.98{col 57}{space 3}0.000{col 65}{space 4}-.0036738{col 78}{space 3}-.0012484
{txt}i_zwcrime_sc_zwhouse_sc {c |}{col 25}{res}{space 2}-.0719738{col 37}{space 2} .0182711{col 48}{space 1}   -3.94{col 57}{space 3}0.000{col 65}{space 4}-.1077845{col 78}{space 3}-.0361631
{txt}{space 2}i_zwhouse_sc_zwinc_sc {c |}{col 25}{res}{space 2} .0367277{col 37}{space 2} .0194064{col 48}{space 1}    1.89{col 57}{space 3}0.058{col 65}{space 4}-.0013083{col 78}{space 3} .0747636
{txt}{space 4}i_zwed_sc_zwhlth_sc {c |}{col 25}{res}{space 2} .0596479{col 37}{space 2} .0211398{col 48}{space 1}    2.82{col 57}{space 3}0.005{col 65}{space 4} .0182147{col 78}{space 3} .1010811
{txt}{space 2}i_zwcrime_sc_zwenv_sc {c |}{col 25}{res}{space 2} .0019525{col 37}{space 2} .0007524{col 48}{space 1}    2.59{col 57}{space 3}0.009{col 65}{space 4} .0004778{col 78}{space 3} .0034271
{txt}{space 18}_cons {c |}{col 25}{res}{space 2} .4932856{col 37}{space 2} .1008199{col 48}{space 1}    4.89{col 57}{space 3}0.000{col 65}{space 4} .2956822{col 78}{space 3}  .690889
{txt}{hline 24}{c BT}{hline 11}{hline 11}{hline 9}{hline 8}{hline 13}{hline 12}
{res}
{txt}{hline 29}{c TT}{hline 48}
{col 3}Random-effects parameters{col 30}{c |}{col 34}Estimate{col 45}Std. err.{col 59}[95% conf. interval]
{hline 29}{c +}{hline 48}
{res}la_codenum{txt}: Identity{col 30}{c |}
{space 18}var(_cons) {c |}{res}{col 33} .2033336{col 44}  .063975{col 58} .1097476{col 70}  .376724
{txt}{hline 29}{c +}{hline 48}
{col 16}var(Residual){col 30}{c |}{res}{col 33} .4110081{col 44} .0133831{col 58} .3855971{col 70} .4380936
{txt}{hline 29}{c BT}{hline 48}
LR test vs. linear model:{col 27}{help j_chibar##|_new:chibar2(01) =} {res}442.10{col 55}{txt}Prob >= chibar2 = {col 73}{res}0.0000
{txt}
{com}. 
. save  "E:\16GBBACKUPUSB\BACKUP_USB_SEPTEMBER2014\May Baydoun_folder\UK_BIOBANK_PROJECT\UKB_PAPER20_ADI_FOODESERT\DATA\UK_fooddesertdatafinalizedIMD_mergedfinalized.dta",replace
{txt}{p 0 4 2}
file {bf}
E:\16GBBACKUPUSB\BACKUP_USB_SEPTEMBER2014\May Baydoun_folder\UK_BIOBANK_PROJECT\UKB_PAPER20_ADI_FOODESERT\DATA\UK_fooddesertdatafinalizedIMD_mergedfinalized.dta{rm}
saved
{p_end}

{com}. 
. 
. capture log close
{smcl}
{com}{sf}{ul off}